// Jest Snapshot v1, https://goo.gl/fbAQLP

exports[`Render should render component 1`] = `
<div>
  <div
    className="page-action-bar"
  >
    <h3
      className="page-sub-heading"
    >
      Permissions
    </h3>
    <div
      className="page-action-bar__spacer"
    />
  </div>
  <div
    className="empty-list-cta"
  >
    <div
      className="empty-list-cta__title"
    >
      Permissions not enabled for this data source.
    </div>
    <button
      className="empty-list-cta__button btn btn-xlarge btn-success"
      onClick={[Function]}
    >
      Enable
    </button>
    <div
      className="empty-list-cta__pro-tip"
    >
      <i
        className="fa fa-rocket"
      />
       ProTip:
       
      Only admins will be able to query the data source after you enable permissions.
    </div>
  </div>
</div>
`;

exports[`Render should render permissions enabled 1`] = `
<div>
  <div
    className="page-action-bar"
  >
    <h3
      className="page-sub-heading"
    >
      Permissions
    </h3>
    <div
      className="page-action-bar__spacer"
    />
    <button
      className="btn btn-success pull-right"
      disabled={false}
      key="add-permission"
      onClick={[Function]}
    >
      <i
        className="fa fa-plus"
      />
       Add Permission
    </button>
    <button
      className="btn btn-danger pull-right"
      key="disable-permissions"
      onClick={[Function]}
    >
      Disable Permissions
    </button>
  </div>
  <div>
    <Component
      in={false}
    >
      <AddDataSourcePermissions
        onAddPermission={[Function]}
        onCancel={[Function]}
      />
    </Component>
    <DataSourcePermissionsList
      items={Array []}
      onRemoveItem={[Function]}
    />
  </div>
</div>
`;
