ðŸŒŸ This was machine generated.  Do not edit. ðŸŒŸ

Frame[0] {}
Name: 
Dimensions: 7 Fields by 3 Rows
+-----------------+----------------+-----------------+------------------+----------------------+-----------------------+-----------------------+
| Name: result    | Name: table    | Name: name      | Name: id         | Name: organizationID | Name: retentionPolicy | Name: retentionPeriod |
| Labels:         | Labels:        | Labels:         | Labels:          | Labels:              | Labels:               | Labels:               |
| Type: []*string | Type: []*int64 | Type: []*string | Type: []*string  | Type: []*string      | Type: []*string       | Type: []*int64        |
+-----------------+----------------+-----------------+------------------+----------------------+-----------------------+-----------------------+
| _result         | 0              | grafana         | 059b46a59abab001 | 059b46a59abab000     | null                  | 604800000000000       |
| _result         | 0              | _tasks          | 059b46a59abab002 | 059b46a59abab000     | null                  | 259200000000000       |
| _result         | 0              | _monitoring     | 059b46a59abab003 | 059b46a59abab000     | null                  | 604800000000000       |
+-----------------+----------------+-----------------+------------------+----------------------+-----------------------+-----------------------+


====== TEST DATA RESPONSE (arrow base64) ======
FRAME=QVJST1cxAAD/////iAMAABAAAAAAAAoADgAMAAsABAAKAAAAFAAAAAAAAAEDAAoADAAAAAgABAAKAAAACAAAAHQAAAADAAAATAAAACgAAAAEAAAAAP3//wgAAAAMAAAAAAAAAAAAAAAFAAAAcmVmSWQAAAAg/f//CAAAAAwAAAAAAAAAAAAAAAQAAABuYW1lAAAAAED9//8IAAAADAAAAAIAAAB7fQAABAAAAG1ldGEAAAAABwAAAHwCAAAAAgAApAEAAFABAADkAAAAeAAAAAQAAACy/f//FAAAAEQAAABEAAAAAAACAUgAAAABAAAABAAAAKD9//8IAAAAGAAAAA8AAAByZXRlbnRpb25QZXJpb2QABAAAAG5hbWUAAAAAAAAAACD+//8AAAABQAAAAA8AAAByZXRlbnRpb25QZXJpb2QAIv7//xQAAABEAAAARAAAAAAABQFAAAAAAQAAAAQAAAAQ/v//CAAAABgAAAAPAAAAcmV0ZW50aW9uUG9saWN5AAQAAABuYW1lAAAAAAAAAAAQ/v//DwAAAHJldGVudGlvblBvbGljeQCK/v//FAAAAEQAAABEAAAAAAAFAUAAAAABAAAABAAAAHj+//8IAAAAGAAAAA4AAABvcmdhbml6YXRpb25JRAAABAAAAG5hbWUAAAAAAAAAAHj+//8OAAAAb3JnYW5pemF0aW9uSUQAAPL+//8UAAAAOAAAADgAAAAAAAUBNAAAAAEAAAAEAAAA4P7//wgAAAAMAAAAAgAAAGlkAAAEAAAAbmFtZQAAAAAAAAAA1P7//wIAAABpZAAAQv///xQAAAA8AAAAPAAAAAAABQE4AAAAAQAAAAQAAAAw////CAAAABAAAAAEAAAAbmFtZQAAAAAEAAAAbmFtZQAAAAAAAAAAKP///wQAAABuYW1lAAAAAJr///8UAAAAPAAAAEQAAAAAAAIBSAAAAAEAAAAEAAAAiP///wgAAAAQAAAABQAAAHRhYmxlAAAABAAAAG5hbWUAAAAAAAAAAAgADAAIAAcACAAAAAAAAAFAAAAABQAAAHRhYmxlABIAGAAUABMAEgAMAAAACAAEABIAAAAUAAAARAAAAEgAAAAAAAUBRAAAAAEAAAAMAAAACAAMAAgABAAIAAAACAAAABAAAAAGAAAAcmVzdWx0AAAEAAAAbmFtZQAAAAAAAAAABAAEAAQAAAAGAAAAcmVzdWx0AAD/////+AEAABQAAAAAAAAADAAWABQAEwAMAAQADAAAABgBAAAAAAAAFAAAAAAAAAMDAAoAGAAMAAgABAAKAAAAFAAAAEgBAAADAAAAAAAAAAAAAAATAAAAAAAAAAAAAAAAAAAAAAAAAAAAAAAAAAAAEAAAAAAAAAAQAAAAAAAAABgAAAAAAAAAKAAAAAAAAAAAAAAAAAAAACgAAAAAAAAAGAAAAAAAAABAAAAAAAAAAAAAAAAAAAAAQAAAAAAAAAAQAAAAAAAAAFAAAAAAAAAAGAAAAAAAAABoAAAAAAAAAAAAAAAAAAAAaAAAAAAAAAAQAAAAAAAAAHgAAAAAAAAAMAAAAAAAAACoAAAAAAAAAAAAAAAAAAAAqAAAAAAAAAAQAAAAAAAAALgAAAAAAAAAMAAAAAAAAADoAAAAAAAAAAgAAAAAAAAA8AAAAAAAAAAQAAAAAAAAAAABAAAAAAAAAAAAAAAAAAAAAQAAAAAAAAAAAAAAAAAAAAEAAAAAAAAYAAAAAAAAAAAAAAAHAAAAAwAAAAAAAAAAAAAAAAAAAAMAAAAAAAAAAAAAAAAAAAADAAAAAAAAAAAAAAAAAAAAAwAAAAAAAAAAAAAAAAAAAAMAAAAAAAAAAAAAAAAAAAADAAAAAAAAAAMAAAAAAAAAAwAAAAAAAAAAAAAAAAAAAAAAAAAHAAAADgAAABUAAABfcmVzdWx0X3Jlc3VsdF9yZXN1bHQAAAAAAAAAAAAAAAAAAAAAAAAAAAAAAAAAAAAAAAAABwAAAA0AAAAYAAAAZ3JhZmFuYV90YXNrc19tb25pdG9yaW5nAAAAABAAAAAgAAAAMAAAADA1OWI0NmE1OWFiYWIwMDEwNTliNDZhNTlhYmFiMDAyMDU5YjQ2YTU5YWJhYjAwMwAAAAAQAAAAIAAAADAAAAAwNTliNDZhNTlhYmFiMDAwMDU5YjQ2YTU5YWJhYjAwMDA1OWI0NmE1OWFiYWIwMDAAAAAAAAAAAAAAAAAAAAAAAAAAAAAAAAAAACn5DyYCAAAA7bO96wAAAAAp+Q8mAgAQAAAADAAUABIADAAIAAQADAAAABAAAAAsAAAAPAAAAAAAAwABAAAAmAMAAAAAAAAAAgAAAAAAABgBAAAAAAAAAAAAAAAAAAAAAAAAAAAKAAwAAAAIAAQACgAAAAgAAAB0AAAAAwAAAEwAAAAoAAAABAAAAAD9//8IAAAADAAAAAAAAAAAAAAABQAAAHJlZklkAAAAIP3//wgAAAAMAAAAAAAAAAAAAAAEAAAAbmFtZQAAAABA/f//CAAAAAwAAAACAAAAe30AAAQAAABtZXRhAAAAAAcAAAB8AgAAAAIAAKQBAABQAQAA5AAAAHgAAAAEAAAAsv3//xQAAABEAAAARAAAAAAAAgFIAAAAAQAAAAQAAACg/f//CAAAABgAAAAPAAAAcmV0ZW50aW9uUGVyaW9kAAQAAABuYW1lAAAAAAAAAAAg/v//AAAAAUAAAAAPAAAAcmV0ZW50aW9uUGVyaW9kACL+//8UAAAARAAAAEQAAAAAAAUBQAAAAAEAAAAEAAAAEP7//wgAAAAYAAAADwAAAHJldGVudGlvblBvbGljeQAEAAAAbmFtZQAAAAAAAAAAEP7//w8AAAByZXRlbnRpb25Qb2xpY3kAiv7//xQAAABEAAAARAAAAAAABQFAAAAAAQAAAAQAAAB4/v//CAAAABgAAAAOAAAAb3JnYW5pemF0aW9uSUQAAAQAAABuYW1lAAAAAAAAAAB4/v//DgAAAG9yZ2FuaXphdGlvbklEAADy/v//FAAAADgAAAA4AAAAAAAFATQAAAABAAAABAAAAOD+//8IAAAADAAAAAIAAABpZAAABAAAAG5hbWUAAAAAAAAAANT+//8CAAAAaWQAAEL///8UAAAAPAAAADwAAAAAAAUBOAAAAAEAAAAEAAAAMP///wgAAAAQAAAABAAAAG5hbWUAAAAABAAAAG5hbWUAAAAAAAAAACj///8EAAAAbmFtZQAAAACa////FAAAADwAAABEAAAAAAACAUgAAAABAAAABAAAAIj///8IAAAAEAAAAAUAAAB0YWJsZQAAAAQAAABuYW1lAAAAAAAAAAAIAAwACAAHAAgAAAAAAAABQAAAAAUAAAB0YWJsZQASABgAFAATABIADAAAAAgABAASAAAAFAAAAEQAAABIAAAAAAAFAUQAAAABAAAADAAAAAgADAAIAAQACAAAAAgAAAAQAAAABgAAAHJlc3VsdAAABAAAAG5hbWUAAAAAAAAAAAQABAAEAAAABgAAAHJlc3VsdAAAuAMAAEFSUk9XMQ==
