ðŸŒŸ This was machine generated.  Do not edit. ðŸŒŸ

Frame[0] {}
Name: system
Dimensions: 2 Fields by 3 Rows
+-----------------------------------------+-----------------------+
| Name: Time                              | Name: load1           |
| Labels:                                 | Labels: host=hostname |
| Type: []time.Time                       | Type: []*float64      |
+-----------------------------------------+-----------------------+
| 2020-05-05 18:38:50 +0000 UTC           | null                  |
| 2020-05-05 18:39:00 +0000 UTC           | 3.56                  |
| 2020-05-05 19:38:47.207881833 +0000 UTC | null                  |
+-----------------------------------------+-----------------------+



Frame[1] {}
Name: system
Dimensions: 2 Fields by 4 Rows
+-----------------------------------------+-----------------------+
| Name: Time                              | Name: load15          |
| Labels:                                 | Labels: host=hostname |
| Type: []time.Time                       | Type: []*float64      |
+-----------------------------------------+-----------------------+
| 2020-05-05 18:38:50 +0000 UTC           | null                  |
| 2020-05-05 18:39:00 +0000 UTC           | 2.51                  |
| 2020-05-05 19:38:40 +0000 UTC           | 1.74                  |
| 2020-05-05 19:38:47.207881833 +0000 UTC | null                  |
+-----------------------------------------+-----------------------+



Frame[2] {}
Name: system
Dimensions: 2 Fields by 10 Rows
+-----------------------------------------+-----------------------+
| Name: Time                              | Name: load5           |
| Labels:                                 | Labels: host=hostname |
| Type: []time.Time                       | Type: []*float64      |
+-----------------------------------------+-----------------------+
| 2020-05-05 18:38:50 +0000 UTC           | null                  |
| 2020-05-05 18:39:00 +0000 UTC           | 3.14                  |
| 2020-05-05 18:39:10 +0000 UTC           | 3.04                  |
| 2020-05-05 19:37:50 +0000 UTC           | 1.8                   |
| 2020-05-05 19:38:00 +0000 UTC           | 1.76                  |
| 2020-05-05 19:38:10 +0000 UTC           | 1.75                  |
| 2020-05-05 19:38:20 +0000 UTC           | 1.71                  |
| 2020-05-05 19:38:30 +0000 UTC           | 1.77                  |
| 2020-05-05 19:38:40 +0000 UTC           | 1.71                  |
| 2020-05-05 19:38:47.207881833 +0000 UTC | null                  |
+-----------------------------------------+-----------------------+


====== TEST DATA RESPONSE (arrow base64) ======
FRAME=QVJST1cxAAD/////2AEAABAAAAAAAAoADgAMAAsABAAKAAAAFAAAAAAAAAEDAAoADAAAAAgABAAKAAAACAAAAHgAAAADAAAAUAAAACgAAAAEAAAAvP7//wgAAAAMAAAAAAAAAAAAAAAFAAAAcmVmSWQAAADc/v//CAAAABAAAAAGAAAAc3lzdGVtAAAEAAAAbmFtZQAAAAAA////CAAAAAwAAAACAAAAe30AAAQAAABtZXRhAAAAAAIAAAC8AAAAGAAAAAAAEgAYABQAEwASAAwAAAAIAAQAEgAAABQAAABwAAAAcAAAAAAAAwFwAAAAAgAAACwAAAAEAAAAZP///wgAAAAQAAAABQAAAGxvYWQxAAAABAAAAG5hbWUAAAAAiP///wgAAAAcAAAAEwAAAHsiaG9zdCI6Imhvc3RuYW1lIn0ABgAAAGxhYmVscwAAAAAAAIr///8AAAIABQAAAGxvYWQxABIAGAAUAAAAEwAMAAAACAAEABIAAAAUAAAARAAAAEwAAAAAAAAKTAAAAAEAAAAMAAAACAAMAAgABAAIAAAACAAAABAAAAAEAAAAVGltZQAAAAAEAAAAbmFtZQAAAAAAAAAAAAAGAAgABgAGAAAAAAADAAQAAABUaW1lAAAAAAAAAAD/////uAAAABQAAAAAAAAADAAWABQAEwAMAAQADAAAADgAAAAAAAAAFAAAAAAAAAMDAAoAGAAMAAgABAAKAAAAFAAAAFgAAAADAAAAAAAAAAAAAAAEAAAAAAAAAAAAAAAAAAAAAAAAAAAAAAAAAAAAGAAAAAAAAAAYAAAAAAAAAAgAAAAAAAAAIAAAAAAAAAAYAAAAAAAAAAAAAAACAAAAAwAAAAAAAAAAAAAAAAAAAAMAAAAAAAAAAgAAAAAAAAAAxOqYzjUMFgCo9uzQNQwWaQw3IxQ5DBYCAAAAAAAAAAAAAAAAAAAAexSuR+F6DEAAAAAAAAAAABAAAAAMABQAEgAMAAgABAAMAAAAEAAAACwAAAA4AAAAAAADAAEAAADoAQAAAAAAAMAAAAAAAAAAOAAAAAAAAAAAAAAAAAAAAAAACgAMAAAACAAEAAoAAAAIAAAAeAAAAAMAAABQAAAAKAAAAAQAAAC8/v//CAAAAAwAAAAAAAAAAAAAAAUAAAByZWZJZAAAANz+//8IAAAAEAAAAAYAAABzeXN0ZW0AAAQAAABuYW1lAAAAAAD///8IAAAADAAAAAIAAAB7fQAABAAAAG1ldGEAAAAAAgAAALwAAAAYAAAAAAASABgAFAATABIADAAAAAgABAASAAAAFAAAAHAAAABwAAAAAAADAXAAAAACAAAALAAAAAQAAABk////CAAAABAAAAAFAAAAbG9hZDEAAAAEAAAAbmFtZQAAAACI////CAAAABwAAAATAAAAeyJob3N0IjoiaG9zdG5hbWUifQAGAAAAbGFiZWxzAAAAAAAAiv///wAAAgAFAAAAbG9hZDEAEgAYABQAAAATAAwAAAAIAAQAEgAAABQAAABEAAAATAAAAAAAAApMAAAAAQAAAAwAAAAIAAwACAAEAAgAAAAIAAAAEAAAAAQAAABUaW1lAAAAAAQAAABuYW1lAAAAAAAAAAAAAAYACAAGAAYAAAAAAAMABAAAAFRpbWUAAAAAAAIAAEFSUk9XMQ==
FRAME=QVJST1cxAAD/////2AEAABAAAAAAAAoADgAMAAsABAAKAAAAFAAAAAAAAAEDAAoADAAAAAgABAAKAAAACAAAAHgAAAADAAAAUAAAACgAAAAEAAAAuP7//wgAAAAMAAAAAAAAAAAAAAAFAAAAcmVmSWQAAADY/v//CAAAABAAAAAGAAAAc3lzdGVtAAAEAAAAbmFtZQAAAAD8/v//CAAAAAwAAAACAAAAe30AAAQAAABtZXRhAAAAAAIAAADAAAAAGAAAAAAAEgAYABQAEwASAAwAAAAIAAQAEgAAABQAAABwAAAAcAAAAAAAAwFwAAAAAgAAACwAAAAEAAAAYP///wgAAAAQAAAABgAAAGxvYWQxNQAABAAAAG5hbWUAAAAAhP///wgAAAAcAAAAEwAAAHsiaG9zdCI6Imhvc3RuYW1lIn0ABgAAAGxhYmVscwAAAAAAAIb///8AAAIABgAAAGxvYWQxNQAAAAASABgAFAAAABMADAAAAAgABAASAAAAFAAAAEQAAABMAAAAAAAACkwAAAABAAAADAAAAAgADAAIAAQACAAAAAgAAAAQAAAABAAAAFRpbWUAAAAABAAAAG5hbWUAAAAAAAAAAAAABgAIAAYABgAAAAAAAwAEAAAAVGltZQAAAAD/////uAAAABQAAAAAAAAADAAWABQAEwAMAAQADAAAAEgAAAAAAAAAFAAAAAAAAAMDAAoAGAAMAAgABAAKAAAAFAAAAFgAAAAEAAAAAAAAAAAAAAAEAAAAAAAAAAAAAAAAAAAAAAAAAAAAAAAAAAAAIAAAAAAAAAAgAAAAAAAAAAgAAAAAAAAAKAAAAAAAAAAgAAAAAAAAAAAAAAACAAAABAAAAAAAAAAAAAAAAAAAAAQAAAAAAAAAAgAAAAAAAAAAxOqYzjUMFgCo9uzQNQwWAICXdRI5DBZpDDcjFDkMFgYAAAAAAAAAAAAAAAAAAAAUrkfhehQEQNejcD0K1/s/AAAAAAAAAAAQAAAADAAUABIADAAIAAQADAAAABAAAAAsAAAAPAAAAAAAAwABAAAA6AEAAAAAAADAAAAAAAAAAEgAAAAAAAAAAAAAAAAAAAAAAAAAAAAKAAwAAAAIAAQACgAAAAgAAAB4AAAAAwAAAFAAAAAoAAAABAAAALj+//8IAAAADAAAAAAAAAAAAAAABQAAAHJlZklkAAAA2P7//wgAAAAQAAAABgAAAHN5c3RlbQAABAAAAG5hbWUAAAAA/P7//wgAAAAMAAAAAgAAAHt9AAAEAAAAbWV0YQAAAAACAAAAwAAAABgAAAAAABIAGAAUABMAEgAMAAAACAAEABIAAAAUAAAAcAAAAHAAAAAAAAMBcAAAAAIAAAAsAAAABAAAAGD///8IAAAAEAAAAAYAAABsb2FkMTUAAAQAAABuYW1lAAAAAIT///8IAAAAHAAAABMAAAB7Imhvc3QiOiJob3N0bmFtZSJ9AAYAAABsYWJlbHMAAAAAAACG////AAACAAYAAABsb2FkMTUAAAAAEgAYABQAAAATAAwAAAAIAAQAEgAAABQAAABEAAAATAAAAAAAAApMAAAAAQAAAAwAAAAIAAwACAAEAAgAAAAIAAAAEAAAAAQAAABUaW1lAAAAAAQAAABuYW1lAAAAAAAAAAAAAAYACAAGAAYAAAAAAAMABAAAAFRpbWUAAAAACAIAAEFSUk9XMQ==
FRAME=QVJST1cxAAD/////2AEAABAAAAAAAAoADgAMAAsABAAKAAAAFAAAAAAAAAEDAAoADAAAAAgABAAKAAAACAAAAHgAAAADAAAAUAAAACgAAAAEAAAAvP7//wgAAAAMAAAAAAAAAAAAAAAFAAAAcmVmSWQAAADc/v//CAAAABAAAAAGAAAAc3lzdGVtAAAEAAAAbmFtZQAAAAAA////CAAAAAwAAAACAAAAe30AAAQAAABtZXRhAAAAAAIAAAC8AAAAGAAAAAAAEgAYABQAEwASAAwAAAAIAAQAEgAAABQAAABwAAAAcAAAAAAAAwFwAAAAAgAAACwAAAAEAAAAZP///wgAAAAQAAAABQAAAGxvYWQ1AAAABAAAAG5hbWUAAAAAiP///wgAAAAcAAAAEwAAAHsiaG9zdCI6Imhvc3RuYW1lIn0ABgAAAGxhYmVscwAAAAAAAIr///8AAAIABQAAAGxvYWQ1ABIAGAAUAAAAEwAMAAAACAAEABIAAAAUAAAARAAAAEwAAAAAAAAKTAAAAAEAAAAMAAAACAAMAAgABAAIAAAACAAAABAAAAAEAAAAVGltZQAAAAAEAAAAbmFtZQAAAAAAAAAAAAAGAAgABgAGAAAAAAADAAQAAABUaW1lAAAAAAAAAAD/////uAAAABQAAAAAAAAADAAWABQAEwAMAAQADAAAAKgAAAAAAAAAFAAAAAAAAAMDAAoAGAAMAAgABAAKAAAAFAAAAFgAAAAKAAAAAAAAAAAAAAAEAAAAAAAAAAAAAAAAAAAAAAAAAAAAAAAAAAAAUAAAAAAAAABQAAAAAAAAAAgAAAAAAAAAWAAAAAAAAABQAAAAAAAAAAAAAAACAAAACgAAAAAAAAAAAAAAAAAAAAoAAAAAAAAAAgAAAAAAAAAAxOqYzjUMFgCo9uzQNQwWAIwCQdM1DBYADFzRBjkMFgDwZyUJOQwWANRzeQs5DBYAuH/NDTkMFgCciyEQOQwWAICXdRI5DBZpDDcjFDkMFv4BAAAAAAAAAAAAAAAAAAAfhetRuB4JQFK4HoXrUQhAzczMzMzM/D8pXI/C9Sj8PwAAAAAAAPw/XI/C9Shc+z9SuB6F61H8P1yPwvUoXPs/AAAAAAAAAAAQAAAADAAUABIADAAIAAQADAAAABAAAAAsAAAAOAAAAAAAAwABAAAA6AEAAAAAAADAAAAAAAAAAKgAAAAAAAAAAAAAAAAAAAAAAAoADAAAAAgABAAKAAAACAAAAHgAAAADAAAAUAAAACgAAAAEAAAAvP7//wgAAAAMAAAAAAAAAAAAAAAFAAAAcmVmSWQAAADc/v//CAAAABAAAAAGAAAAc3lzdGVtAAAEAAAAbmFtZQAAAAAA////CAAAAAwAAAACAAAAe30AAAQAAABtZXRhAAAAAAIAAAC8AAAAGAAAAAAAEgAYABQAEwASAAwAAAAIAAQAEgAAABQAAABwAAAAcAAAAAAAAwFwAAAAAgAAACwAAAAEAAAAZP///wgAAAAQAAAABQAAAGxvYWQ1AAAABAAAAG5hbWUAAAAAiP///wgAAAAcAAAAEwAAAHsiaG9zdCI6Imhvc3RuYW1lIn0ABgAAAGxhYmVscwAAAAAAAIr///8AAAIABQAAAGxvYWQ1ABIAGAAUAAAAEwAMAAAACAAEABIAAAAUAAAARAAAAEwAAAAAAAAKTAAAAAEAAAAMAAAACAAMAAgABAAIAAAACAAAABAAAAAEAAAAVGltZQAAAAAEAAAAbmFtZQAAAAAAAAAAAAAGAAgABgAGAAAAAAADAAQAAABUaW1lAAAAAAACAABBUlJPVzE=
