ðŸŒŸ This was machine generated.  Do not edit. ðŸŒŸ

Frame[0] {}
Name: test
Dimensions: 2 Fields by 2 Rows
+-----------------------------------------+-------------------------+
| Name: Time                              | Name: f                 |
| Labels:                                 | Labels: a=1, b=adsfasdf |
| Type: []time.Time                       | Type: []*float64        |
+-----------------------------------------+-------------------------+
| 2020-02-18 10:34:08.135814545 +0000 UTC | 1.4                     |
| 2020-02-18 22:08:44.850214724 +0000 UTC | 6.6                     |
+-----------------------------------------+-------------------------+



Frame[1] {}
Name: test
Dimensions: 2 Fields by 2 Rows
+-----------------------------------------+-------------------------+
| Name: Time                              | Name: i                 |
| Labels:                                 | Labels: a=1, b=adsfasdf |
| Type: []time.Time                       | Type: []*int64          |
+-----------------------------------------+-------------------------+
| 2020-02-18 10:34:08.135814545 +0000 UTC | 4                       |
| 2020-02-18 22:08:44.850214724 +0000 UTC | -1                      |
+-----------------------------------------+-------------------------+



Frame[2] {}
Name: test
Dimensions: 2 Fields by 2 Rows
+-----------------------------------------+-------------------------+
| Name: Time                              | Name: f                 |
| Labels:                                 | Labels: a=0, b=adsfasdf |
| Type: []time.Time                       | Type: []*bool           |
+-----------------------------------------+-------------------------+
| 2020-02-18 22:08:44.62797864 +0000 UTC  | false                   |
| 2020-02-18 22:08:44.969100374 +0000 UTC | true                    |
+-----------------------------------------+-------------------------+



Frame[3] {}
Name: test
Dimensions: 2 Fields by 2 Rows
+-----------------------------------------+-------------------------+
| Name: _start                            | Name: i                 |
| Labels:                                 | Labels: a=0, b=adsfasdf |
| Type: []time.Time                       | Type: []*uint64         |
+-----------------------------------------+-------------------------+
| 2020-02-17 22:19:49.747562847 +0000 UTC | 0                       |
| 2020-02-17 22:19:49.747562847 +0000 UTC | 2                       |
+-----------------------------------------+-------------------------+


====== TEST DATA RESPONSE (arrow base64) ======
FRAME=QVJST1cxAAD/////2AEAABAAAAAAAAoADgAMAAsABAAKAAAAFAAAAAAAAAEDAAoADAAAAAgABAAKAAAACAAAAHgAAAADAAAAUAAAACgAAAAEAAAAvP7//wgAAAAMAAAAAAAAAAAAAAAFAAAAcmVmSWQAAADc/v//CAAAABAAAAAEAAAAdGVzdAAAAAAEAAAAbmFtZQAAAAAA////CAAAAAwAAAACAAAAe30AAAQAAABtZXRhAAAAAAIAAAC8AAAAGAAAAAAAEgAYABQAEwASAAwAAAAIAAQAEgAAABQAAAB0AAAAdAAAAAAAAwF0AAAAAgAAACgAAAAEAAAAZP///wgAAAAMAAAAAQAAAGYAAAAEAAAAbmFtZQAAAACE////CAAAACQAAAAYAAAAeyJhIjoiMSIsImIiOiJhZHNmYXNkZiJ9AAAAAAYAAABsYWJlbHMAAAAAAACO////AAACAAEAAABmABIAGAAUAAAAEwAMAAAACAAEABIAAAAUAAAARAAAAEwAAAAAAAAKTAAAAAEAAAAMAAAACAAMAAgABAAIAAAACAAAABAAAAAEAAAAVGltZQAAAAAEAAAAbmFtZQAAAAAAAAAAAAAGAAgABgAGAAAAAAADAAQAAABUaW1lAAAAAAAAAAD/////uAAAABQAAAAAAAAADAAWABQAEwAMAAQADAAAACAAAAAAAAAAFAAAAAAAAAMDAAoAGAAMAAgABAAKAAAAFAAAAFgAAAACAAAAAAAAAAAAAAAEAAAAAAAAAAAAAAAAAAAAAAAAAAAAAAAAAAAAEAAAAAAAAAAQAAAAAAAAAAAAAAAAAAAAEAAAAAAAAAAQAAAAAAAAAAAAAAACAAAAAgAAAAAAAAAAAAAAAAAAAAIAAAAAAAAAAAAAAAAAAACRnfi9q3j0FUR3uluTnvQVZmZmZmZm9j9mZmZmZmYaQBAAAAAMABQAEgAMAAgABAAMAAAAEAAAACwAAAA4AAAAAAADAAEAAADoAQAAAAAAAMAAAAAAAAAAIAAAAAAAAAAAAAAAAAAAAAAACgAMAAAACAAEAAoAAAAIAAAAeAAAAAMAAABQAAAAKAAAAAQAAAC8/v//CAAAAAwAAAAAAAAAAAAAAAUAAAByZWZJZAAAANz+//8IAAAAEAAAAAQAAAB0ZXN0AAAAAAQAAABuYW1lAAAAAAD///8IAAAADAAAAAIAAAB7fQAABAAAAG1ldGEAAAAAAgAAALwAAAAYAAAAAAASABgAFAATABIADAAAAAgABAASAAAAFAAAAHQAAAB0AAAAAAADAXQAAAACAAAAKAAAAAQAAABk////CAAAAAwAAAABAAAAZgAAAAQAAABuYW1lAAAAAIT///8IAAAAJAAAABgAAAB7ImEiOiIxIiwiYiI6ImFkc2Zhc2RmIn0AAAAABgAAAGxhYmVscwAAAAAAAI7///8AAAIAAQAAAGYAEgAYABQAAAATAAwAAAAIAAQAEgAAABQAAABEAAAATAAAAAAAAApMAAAAAQAAAAwAAAAIAAwACAAEAAgAAAAIAAAAEAAAAAQAAABUaW1lAAAAAAQAAABuYW1lAAAAAAAAAAAAAAYACAAGAAYAAAAAAAMABAAAAFRpbWUAAAAAAAIAAEFSUk9XMQ==
FRAME=QVJST1cxAAD/////4AEAABAAAAAAAAoADgAMAAsABAAKAAAAFAAAAAAAAAEDAAoADAAAAAgABAAKAAAACAAAAHgAAAADAAAAUAAAACgAAAAEAAAAsP7//wgAAAAMAAAAAAAAAAAAAAAFAAAAcmVmSWQAAADQ/v//CAAAABAAAAAEAAAAdGVzdAAAAAAEAAAAbmFtZQAAAAD0/v//CAAAAAwAAAACAAAAe30AAAQAAABtZXRhAAAAAAIAAADIAAAAGAAAAAAAEgAYABQAEwASAAwAAAAIAAQAEgAAABQAAAB0AAAAfAAAAAAAAgGAAAAAAgAAACgAAAAEAAAAWP///wgAAAAMAAAAAQAAAGkAAAAEAAAAbmFtZQAAAAB4////CAAAACQAAAAYAAAAeyJhIjoiMSIsImIiOiJhZHNmYXNkZiJ9AAAAAAYAAABsYWJlbHMAAAAAAAAIAAwACAAHAAgAAAAAAAABQAAAAAEAAABpABIAGAAUAAAAEwAMAAAACAAEABIAAAAUAAAARAAAAEwAAAAAAAAKTAAAAAEAAAAMAAAACAAMAAgABAAIAAAACAAAABAAAAAEAAAAVGltZQAAAAAEAAAAbmFtZQAAAAAAAAAAAAAGAAgABgAGAAAAAAADAAQAAABUaW1lAAAAAP////+4AAAAFAAAAAAAAAAMABYAFAATAAwABAAMAAAAIAAAAAAAAAAUAAAAAAAAAwMACgAYAAwACAAEAAoAAAAUAAAAWAAAAAIAAAAAAAAAAAAAAAQAAAAAAAAAAAAAAAAAAAAAAAAAAAAAAAAAAAAQAAAAAAAAABAAAAAAAAAAAAAAAAAAAAAQAAAAAAAAABAAAAAAAAAAAAAAAAIAAAACAAAAAAAAAAAAAAAAAAAAAgAAAAAAAAAAAAAAAAAAAJGd+L2rePQVRHe6W5Oe9BUEAAAAAAAAAP//////////EAAAAAwAFAASAAwACAAEAAwAAAAQAAAALAAAADwAAAAAAAMAAQAAAPABAAAAAAAAwAAAAAAAAAAgAAAAAAAAAAAAAAAAAAAAAAAAAAAACgAMAAAACAAEAAoAAAAIAAAAeAAAAAMAAABQAAAAKAAAAAQAAACw/v//CAAAAAwAAAAAAAAAAAAAAAUAAAByZWZJZAAAAND+//8IAAAAEAAAAAQAAAB0ZXN0AAAAAAQAAABuYW1lAAAAAPT+//8IAAAADAAAAAIAAAB7fQAABAAAAG1ldGEAAAAAAgAAAMgAAAAYAAAAAAASABgAFAATABIADAAAAAgABAASAAAAFAAAAHQAAAB8AAAAAAACAYAAAAACAAAAKAAAAAQAAABY////CAAAAAwAAAABAAAAaQAAAAQAAABuYW1lAAAAAHj///8IAAAAJAAAABgAAAB7ImEiOiIxIiwiYiI6ImFkc2Zhc2RmIn0AAAAABgAAAGxhYmVscwAAAAAAAAgADAAIAAcACAAAAAAAAAFAAAAAAQAAAGkAEgAYABQAAAATAAwAAAAIAAQAEgAAABQAAABEAAAATAAAAAAAAApMAAAAAQAAAAwAAAAIAAwACAAEAAgAAAAIAAAAEAAAAAQAAABUaW1lAAAAAAQAAABuYW1lAAAAAAAAAAAAAAYACAAGAAYAAAAAAAMABAAAAFRpbWUAAAAAEAIAAEFSUk9XMQ==
FRAME=QVJST1cxAAD/////2AEAABAAAAAAAAoADgAMAAsABAAKAAAAFAAAAAAAAAEDAAoADAAAAAgABAAKAAAACAAAAHgAAAADAAAAUAAAACgAAAAEAAAAvP7//wgAAAAMAAAAAAAAAAAAAAAFAAAAcmVmSWQAAADc/v//CAAAABAAAAAEAAAAdGVzdAAAAAAEAAAAbmFtZQAAAAAA////CAAAAAwAAAACAAAAe30AAAQAAABtZXRhAAAAAAIAAAC8AAAAGAAAAAAAEgAYABQAEwASAAwAAAAIAAQAEgAAABQAAAB0AAAAeAAAAAAABgF0AAAAAgAAACgAAAAEAAAAZP///wgAAAAMAAAAAQAAAGYAAAAEAAAAbmFtZQAAAACE////CAAAACQAAAAYAAAAeyJhIjoiMCIsImIiOiJhZHNmYXNkZiJ9AAAAAAYAAABsYWJlbHMAAAAAAAAEAAQABAAAAAEAAABmABIAGAAUAAAAEwAMAAAACAAEABIAAAAUAAAARAAAAEwAAAAAAAAKTAAAAAEAAAAMAAAACAAMAAgABAAIAAAACAAAABAAAAAEAAAAVGltZQAAAAAEAAAAbmFtZQAAAAAAAAAAAAAGAAgABgAGAAAAAAADAAQAAABUaW1lAAAAAAAAAAD/////uAAAABQAAAAAAAAADAAWABQAEwAMAAQADAAAABgAAAAAAAAAFAAAAAAAAAMDAAoAGAAMAAgABAAKAAAAFAAAAFgAAAACAAAAAAAAAAAAAAAEAAAAAAAAAAAAAAAAAAAAAAAAAAAAAAAAAAAAEAAAAAAAAAAQAAAAAAAAAAAAAAAAAAAAEAAAAAAAAAAIAAAAAAAAAAAAAAACAAAAAgAAAAAAAAAAAAAAAAAAAAIAAAAAAAAAAAAAAAAAAACQaXtOk570FVaE0GKTnvQVAgAAAAAAAAAQAAAADAAUABIADAAIAAQADAAAABAAAAAsAAAAOAAAAAAAAwABAAAA6AEAAAAAAADAAAAAAAAAABgAAAAAAAAAAAAAAAAAAAAAAAoADAAAAAgABAAKAAAACAAAAHgAAAADAAAAUAAAACgAAAAEAAAAvP7//wgAAAAMAAAAAAAAAAAAAAAFAAAAcmVmSWQAAADc/v//CAAAABAAAAAEAAAAdGVzdAAAAAAEAAAAbmFtZQAAAAAA////CAAAAAwAAAACAAAAe30AAAQAAABtZXRhAAAAAAIAAAC8AAAAGAAAAAAAEgAYABQAEwASAAwAAAAIAAQAEgAAABQAAAB0AAAAeAAAAAAABgF0AAAAAgAAACgAAAAEAAAAZP///wgAAAAMAAAAAQAAAGYAAAAEAAAAbmFtZQAAAACE////CAAAACQAAAAYAAAAeyJhIjoiMCIsImIiOiJhZHNmYXNkZiJ9AAAAAAYAAABsYWJlbHMAAAAAAAAEAAQABAAAAAEAAABmABIAGAAUAAAAEwAMAAAACAAEABIAAAAUAAAARAAAAEwAAAAAAAAKTAAAAAEAAAAMAAAACAAMAAgABAAIAAAACAAAABAAAAAEAAAAVGltZQAAAAAEAAAAbmFtZQAAAAAAAAAAAAAGAAgABgAGAAAAAAADAAQAAABUaW1lAAAAAAACAABBUlJPVzE=
FRAME=QVJST1cxAAD/////4AEAABAAAAAAAAoADgAMAAsABAAKAAAAFAAAAAAAAAEDAAoADAAAAAgABAAKAAAACAAAAHgAAAADAAAAUAAAACgAAAAEAAAAtP7//wgAAAAMAAAAAAAAAAAAAAAFAAAAcmVmSWQAAADU/v//CAAAABAAAAAEAAAAdGVzdAAAAAAEAAAAbmFtZQAAAAD4/v//CAAAAAwAAAACAAAAe30AAAQAAABtZXRhAAAAAAIAAADEAAAAGAAAAAAAEgAYABQAEwASAAwAAAAIAAQAEgAAABQAAAB0AAAAfAAAAAAAAgF8AAAAAgAAACgAAAAEAAAAXP///wgAAAAMAAAAAQAAAGkAAAAEAAAAbmFtZQAAAAB8////CAAAACQAAAAYAAAAeyJhIjoiMCIsImIiOiJhZHNmYXNkZiJ9AAAAAAYAAABsYWJlbHMAAAAAAAAAAAYACAAEAAYAAABAAAAAAQAAAGkAEgAYABQAAAATAAwAAAAIAAQAEgAAABQAAABEAAAATAAAAAAAAApMAAAAAQAAAAwAAAAIAAwACAAEAAgAAAAIAAAAEAAAAAYAAABfc3RhcnQAAAQAAABuYW1lAAAAAAAAAAAAAAYACAAGAAYAAAAAAAMABgAAAF9zdGFydAAAAAAAAP////+4AAAAFAAAAAAAAAAMABYAFAATAAwABAAMAAAAIAAAAAAAAAAUAAAAAAAAAwMACgAYAAwACAAEAAoAAAAUAAAAWAAAAAIAAAAAAAAAAAAAAAQAAAAAAAAAAAAAAAAAAAAAAAAAAAAAAAAAAAAQAAAAAAAAABAAAAAAAAAAAAAAAAAAAAAQAAAAAAAAABAAAAAAAAAAAAAAAAIAAAACAAAAAAAAAAAAAAAAAAAAAgAAAAAAAAAAAAAAAAAAAF/ZY5mZUPQVX9ljmZlQ9BUAAAAAAAAAAAIAAAAAAAAAEAAAAAwAFAASAAwACAAEAAwAAAAQAAAALAAAADgAAAAAAAMAAQAAAPABAAAAAAAAwAAAAAAAAAAgAAAAAAAAAAAAAAAAAAAAAAAKAAwAAAAIAAQACgAAAAgAAAB4AAAAAwAAAFAAAAAoAAAABAAAALT+//8IAAAADAAAAAAAAAAAAAAABQAAAHJlZklkAAAA1P7//wgAAAAQAAAABAAAAHRlc3QAAAAABAAAAG5hbWUAAAAA+P7//wgAAAAMAAAAAgAAAHt9AAAEAAAAbWV0YQAAAAACAAAAxAAAABgAAAAAABIAGAAUABMAEgAMAAAACAAEABIAAAAUAAAAdAAAAHwAAAAAAAIBfAAAAAIAAAAoAAAABAAAAFz///8IAAAADAAAAAEAAABpAAAABAAAAG5hbWUAAAAAfP///wgAAAAkAAAAGAAAAHsiYSI6IjAiLCJiIjoiYWRzZmFzZGYifQAAAAAGAAAAbGFiZWxzAAAAAAAAAAAGAAgABAAGAAAAQAAAAAEAAABpABIAGAAUAAAAEwAMAAAACAAEABIAAAAUAAAARAAAAEwAAAAAAAAKTAAAAAEAAAAMAAAACAAMAAgABAAIAAAACAAAABAAAAAGAAAAX3N0YXJ0AAAEAAAAbmFtZQAAAAAAAAAAAAAGAAgABgAGAAAAAAADAAYAAABfc3RhcnQAAAgCAABBUlJPVzE=
