ðŸŒŸ This was machine generated.  Do not edit. ðŸŒŸ

Frame[0] {}
Name: 
Dimensions: 4 Fields by 20 Rows
+-----------------+----------------+---------------------+-------------------------------+
| Name: result    | Name: table    | Name: MeanAggregate | Name: time                    |
| Labels:         | Labels:        | Labels:             | Labels:                       |
| Type: []*string | Type: []*int64 | Type: []*float64    | Type: []*time.Time            |
+-----------------+----------------+---------------------+-------------------------------+
| _result         | 0              | 0                   | 2020-07-14 03:26:31 +0000 UTC |
| _result         | 0              | 0                   | 2020-07-14 03:26:32 +0000 UTC |
| _result         | 0              | 0                   | 2020-07-14 03:26:35 +0000 UTC |
| _result         | 0              | 0                   | 2020-07-14 03:29:33 +0000 UTC |
| _result         | 0              | 29.38586956521739   | 2020-07-14 04:59:41 +0000 UTC |
| _result         | 0              | 0                   | 2020-07-14 05:04:24 +0000 UTC |
| _result         | 0              | 7.306756756756757   | 2020-07-14 05:04:25 +0000 UTC |
| _result         | 0              | 3.633736559139785   | 2020-07-14 05:04:26 +0000 UTC |
| _result         | 0              | 3.6143048128342246  | 2020-07-14 05:04:27 +0000 UTC |
| ...             | ...            | ...                 | ...                           |
+-----------------+----------------+---------------------+-------------------------------+


====== TEST DATA RESPONSE (arrow base64) ======
FRAME=QVJST1cxAAD/////aAIAABAAAAAAAAoADgAMAAsABAAKAAAAFAAAAAAAAAEDAAoADAAAAAgABAAKAAAACAAAAHQAAAADAAAATAAAACgAAAAEAAAAJP7//wgAAAAMAAAAAAAAAAAAAAAFAAAAcmVmSWQAAABE/v//CAAAAAwAAAAAAAAAAAAAAAQAAABuYW1lAAAAAGT+//8IAAAADAAAAAIAAAB7fQAABAAAAG1ldGEAAAAABAAAAFgBAADcAAAAZAAAAAQAAADK/v//FAAAADwAAAA8AAAAAAAKATwAAAABAAAABAAAALj+//8IAAAAEAAAAAQAAAB0aW1lAAAAAAQAAABuYW1lAAAAAAAAAACa////AAADAAQAAAB0aW1lAAAAACb///8UAAAARAAAAEwAAAAAAAMBTAAAAAEAAAAEAAAAFP///wgAAAAYAAAADQAAAE1lYW5BZ2dyZWdhdGUAAAAEAAAAbmFtZQAAAAAAAAAAAAAGAAgABgAGAAAAAAACAA0AAABNZWFuQWdncmVnYXRlAAAAmv///xQAAAA8AAAARAAAAAAAAgFIAAAAAQAAAAQAAACI////CAAAABAAAAAFAAAAdGFibGUAAAAEAAAAbmFtZQAAAAAAAAAACAAMAAgABwAIAAAAAAAAAUAAAAAFAAAAdGFibGUAEgAYABQAEwASAAwAAAAIAAQAEgAAABQAAABEAAAASAAAAAAABQFEAAAAAQAAAAwAAAAIAAwACAAEAAgAAAAIAAAAEAAAAAYAAAByZXN1bHQAAAQAAABuYW1lAAAAAAAAAAAEAAQABAAAAAYAAAByZXN1bHQAAAAAAAD/////KAEAABQAAAAAAAAADAAWABQAEwAMAAQADAAAAMgCAAAAAAAAFAAAAAAAAAMDAAoAGAAMAAgABAAKAAAAFAAAAKgAAAAUAAAAAAAAAAAAAAAJAAAAAAAAAAAAAAAAAAAAAAAAAAAAAAAAAAAAWAAAAAAAAABYAAAAAAAAAJAAAAAAAAAA6AAAAAAAAAAAAAAAAAAAAOgAAAAAAAAAoAAAAAAAAACIAQAAAAAAAAAAAAAAAAAAiAEAAAAAAACgAAAAAAAAACgCAAAAAAAAAAAAAAAAAAAoAgAAAAAAAKAAAAAAAAAAAAAAAAQAAAAUAAAAAAAAAAAAAAAAAAAAFAAAAAAAAAAAAAAAAAAAABQAAAAAAAAAAAAAAAAAAAAUAAAAAAAAAAAAAAAAAAAAAAAAAAcAAAAOAAAAFQAAABwAAAAjAAAAKgAAADEAAAA4AAAAPwAAAEYAAABNAAAAVAAAAFsAAABiAAAAaQAAAHAAAAB3AAAAfgAAAIUAAACMAAAAAAAAAF9yZXN1bHRfcmVzdWx0X3Jlc3VsdF9yZXN1bHRfcmVzdWx0X3Jlc3VsdF9yZXN1bHRfcmVzdWx0X3Jlc3VsdF9yZXN1bHRfcmVzdWx0X3Jlc3VsdF9yZXN1bHRfcmVzdWx0X3Jlc3VsdF9yZXN1bHRfcmVzdWx0X3Jlc3VsdF9yZXN1bHRfcmVzdWx0AAAAAAAAAAAAAAAAAAAAAAAAAAAAAAAAAAAAAAAAAAAAAAAAAAAAAAAAAAAAAAAAAAAAAAAAAAAAAAAAAAAAAAAAAAAAAAAAAAAAAAAAAAAAAAAAAAAAAAAAAAAAAAAAAAAAAAAAAAAAAAAAAAAAAAAAAAAAAAAAAAAAAAAAAAAAAAAAAAAAAAAAAAAAAAAAAAAAAAAAAAAAAAAAAAAAAAAAAAAAAAAAAAAAAAAAAAAAAAAAAAAAAAAAAAAAAAAAAAAAAGQhC1nIYj1AAAAAAAAAAACiY3hxHjodQJJHHnnkEQ1A6i9HpBjqDEBicgUxucIMQKOOSNM4HABAxOt85r47IkAAAAAAAAAAAAAAAAAAAAAAAAAAAAAAAAAAAAAAAAAAAAAAAAAAAAAA142PiR4V+D9leRmkYy0AQDSBzl29KABAAEbeaaWAIRYAEHmlpYAhFgBuSVimgCEWAOLpyc+AIRYAItXvuoUhFgBw8tP8hSEWADqND/2FIRYABChL/YUhFgDOwob9hSEWAJhdwv2FIRYA2m4f4pYhFgDYfT7KmyEWAPa+GP+bIRYAwFlU/5shFgCK9I//myEWAFSPy/+bIRYAHioHAJwhFgDoxEIAnCEWALJffgCcIRYAfPq5AJwhFhAAAAAMABQAEgAMAAgABAAMAAAAEAAAACwAAAA4AAAAAAADAAEAAAB4AgAAAAAAADABAAAAAAAAyAIAAAAAAAAAAAAAAAAAAAAACgAMAAAACAAEAAoAAAAIAAAAdAAAAAMAAABMAAAAKAAAAAQAAAAk/v//CAAAAAwAAAAAAAAAAAAAAAUAAAByZWZJZAAAAET+//8IAAAADAAAAAAAAAAAAAAABAAAAG5hbWUAAAAAZP7//wgAAAAMAAAAAgAAAHt9AAAEAAAAbWV0YQAAAAAEAAAAWAEAANwAAABkAAAABAAAAMr+//8UAAAAPAAAADwAAAAAAAoBPAAAAAEAAAAEAAAAuP7//wgAAAAQAAAABAAAAHRpbWUAAAAABAAAAG5hbWUAAAAAAAAAAJr///8AAAMABAAAAHRpbWUAAAAAJv///xQAAABEAAAATAAAAAAAAwFMAAAAAQAAAAQAAAAU////CAAAABgAAAANAAAATWVhbkFnZ3JlZ2F0ZQAAAAQAAABuYW1lAAAAAAAAAAAAAAYACAAGAAYAAAAAAAIADQAAAE1lYW5BZ2dyZWdhdGUAAACa////FAAAADwAAABEAAAAAAACAUgAAAABAAAABAAAAIj///8IAAAAEAAAAAUAAAB0YWJsZQAAAAQAAABuYW1lAAAAAAAAAAAIAAwACAAHAAgAAAAAAAABQAAAAAUAAAB0YWJsZQASABgAFAATABIADAAAAAgABAASAAAAFAAAAEQAAABIAAAAAAAFAUQAAAABAAAADAAAAAgADAAIAAQACAAAAAgAAAAQAAAABgAAAHJlc3VsdAAABAAAAG5hbWUAAAAAAAAAAAQABAAEAAAABgAAAHJlc3VsdAAAkAIAAEFSUk9XMQ==
