// Jest Snapshot v1, https://goo.gl/fbAQLP

exports[`Stats should render component 1`] = `
Array [
  <div
    className="gf-form"
    onClick={[Function]}
  >
    <a
      className="gf-form-label query-part"
    >
      Average
    </a>
  </div>,
  <div
    className="gf-form"
    onClick={[Function]}
  >
    <a
      className="gf-form-label query-part"
    >
      Minimum
    </a>
  </div>,
  <div
    className="gf-form"
    onClick={[Function]}
  >
    <a
      className="gf-form-label query-part"
    >
      <div
        className="css-1cvxpvr"
      >
        <svg
          className="css-sr6nr"
          fill="currentColor"
          height={16}
          viewBox="0 0 24 24"
          width={16}
          xmlns="http://www.w3.org/2000/svg"
        >
          <path
            d="M12,2A10,10,0,1,0,22,12,10,10,0,0,0,12,2Zm0,18a8,8,0,1,1,8-8A8,8,0,0,1,12,20Zm4-9H13V8a1,1,0,0,0-2,0v3H8a1,1,0,0,0,0,2h3v3a1,1,0,0,0,2,0V13h3a1,1,0,0,0,0-2Z"
          />
        </svg>
      </div>
    </a>
  </div>,
]
`;
