// Jest Snapshot v1, https://goo.gl/fbAQLP

exports[`Render should render component 1`] = `
<div
  className="page-action-bar"
>
  <div
    className="gf-form gf-form--grow"
  >
    <label
      className="gf-form--has-input-icon"
    >
      <ForwardRef
        className="gf-form-input width-20"
        onChange={[MockFunction]}
        placeholder="Filter by name or type"
        value=""
      />
      <i
        className="gf-form-input-icon fa fa-search"
      />
    </label>
    <LayoutSelector
      onLayoutModeChanged={[Function]}
    />
  </div>
  <div
    className="page-action-bar__spacer"
  />
  <a
    className="btn btn-primary"
    href="some/url"
    target="_blank"
  >
    test
  </a>
</div>
`;
