// Jest Snapshot v1, https://goo.gl/fbAQLP

exports[`Render should render component 1`] = `
<JSONFormatter
  config={
    Object {
      "animateOpen": true,
    }
  }
  json={Object {}}
  open={3}
/>
`;
