// Jest Snapshot v1, https://goo.gl/fbAQLP

exports[`LokiExploreQueryEditor should render component 1`] = `
<Component
  ExtraFieldElement={
    <Memo(LokiExploreExtraField)
      label="Line limit"
      min={0}
      onChangeFunc={[Function]}
      onKeyDownFunc={[Function]}
      type="number"
      value="0"
    />
  }
  absoluteRange={
    Object {
      "from": 1577836800000,
      "to": 1577923200000,
    }
  }
  data={
    Object {
      "request": Object {
        "app": "Grafana",
        "dashboardId": 1,
        "interval": "1s",
        "panelId": 1,
        "range": Object {
          "from": "2020-01-01T00:00:00.000Z",
          "raw": Object {
            "from": "2020-01-01T00:00:00.000Z",
            "to": "2020-01-02T00:00:00.000Z",
          },
          "to": "2020-01-02T00:00:00.000Z",
        },
        "requestId": "1",
        "scopedVars": Object {},
        "startTime": 0,
        "targets": Array [],
        "timezone": "GMT",
      },
      "series": Array [],
      "state": "NotStarted",
      "timeRange": Object {
        "from": "2020-01-01T00:00:00.000Z",
        "raw": Object {
          "from": "2020-01-01T00:00:00.000Z",
          "to": "2020-01-02T00:00:00.000Z",
        },
        "to": "2020-01-02T00:00:00.000Z",
      },
    }
  }
  datasource={
    Object {
      "languageProvider": LokiLanguageProvider {
        "cleanText": [Function],
        "datasource": [Circular],
        "getBeginningCompletionItems": [Function],
        "getTermCompletionItems": [Function],
        "labelKeys": Object {},
        "labelValues": Object {},
        "request": [Function],
        "start": [Function],
      },
      "metadataRequest": [Function],
    }
  }
  history={Array []}
  onChange={[MockFunction]}
  onRunQuery={[MockFunction]}
  query={
    Object {
      "expr": "",
      "maxLines": 0,
      "refId": "A",
    }
  }
/>
`;
