// Jest Snapshot v1, https://goo.gl/fbAQLP

exports[`PickerOption renders correctly 1`] = `
<div>
  <div
    className="gf-form-select-box__desc-option"
  >
    <img
      className="gf-form-select-box__desc-option__img"
      src="url/to/avatar"
    />
    <div
      className="gf-form-select-box__desc-option__body"
    >
      <div>
        Model title
      </div>
    </div>
  </div>
</div>
`;
