// Jest Snapshot v1, https://goo.gl/fbAQLP

exports[`Render should render component 1`] = `
<div>
  <PageHeader
    model={Object {}}
  />
  <div
    className="page-container page-body"
  >
    <Connect(PluginActionBar)
      onQueryChange={[Function]}
      searchQuery=""
    />
    <PluginList
      layout="grid"
      plugins={Array []}
    />
  </div>
</div>
`;
