// Jest Snapshot v1, https://goo.gl/fbAQLP

exports[`GEL Utils should parse output with dataframe 1`] = `
Array [
  Object {
    "fields": Array [
      Object {
        "config": Object {},
        "labels": undefined,
        "name": "Time",
        "type": "time",
        "values": Array [
          1569334575000,
          1569334580000,
          1569334585000,
          1569334590000,
          1569334595000,
          1569334600000,
          1569334605000,
          1569334610000,
          1569334615000,
          1569334620000,
          1569334625000,
          1569334630000,
          1569334635000,
        ],
      },
      Object {
        "config": Object {},
        "labels": undefined,
        "name": "",
        "type": "number",
        "values": Array [
          3,
          3,
          3,
          5,
          5,
          5,
          3,
          3,
          3,
          5,
          5,
          5,
          3,
        ],
      },
    ],
    "meta": undefined,
    "name": undefined,
    "refId": "GC",
  },
  Object {
    "fields": Array [
      Object {
        "config": Object {},
        "labels": undefined,
        "name": "Time",
        "type": "time",
        "values": Array [
          1569334575000,
          1569334580000,
          1569334585000,
          1569334590000,
          1569334595000,
          1569334600000,
          1569334605000,
          1569334610000,
          1569334615000,
          1569334620000,
          1569334625000,
          1569334630000,
          1569334635000,
        ],
      },
      Object {
        "config": Object {},
        "labels": undefined,
        "name": "GB-series",
        "type": "number",
        "values": Array [
          0,
          0,
          0,
          2,
          2,
          2,
          0,
          0,
          0,
          2,
          2,
          2,
          0,
        ],
      },
    ],
    "meta": undefined,
    "name": undefined,
    "refId": "GB",
  },
]
`;
