// Jest Snapshot v1, https://goo.gl/fbAQLP

exports[`Popover renders correctly 1`] = `
<div
  className="popper__manager test-class"
  onClick={[Function]}
>
  <div>
    <button>
      Button with Popover
    </button>
  </div>
</div>
`;
